2025-09-13 02:55:08,182 - CRITICAL - Les clés API n'ont pas été trouvées. Veuillez les définir comme variables d'environnement.
2025-09-13 02:56:18,560 - CRITICAL - Les clés API n'ont pas été trouvées. Veuillez les définir comme variables d'environnement.
2025-09-13 03:02:37,752 - CRITICAL - Les clés API n'ont pas été trouvées. Veuillez les définir comme variables d'environnement.
2025-09-13 03:05:09,503 - CRITICAL - Les clés API n'ont pas été trouvées. Veuillez les définir comme variables d'environnement.
2025-09-13 03:09:07,344 - CRITICAL - Une erreur fatale est survenue : binance {"code":-1021,"msg":"Timestamp for this request is outside of the recvWindow."}. Le bot s'arrête.
2025-09-13 03:11:32,898 - INFO - Connexion à Binance réussie. Lancement du bot de trading...
2025-09-13 03:11:33,274 - INFO - Dernier prix : $115939.07 | MA20: $115606.54 | MA50: $114993.79 | RSI: 56.92
2025-09-13 03:11:33,274 - INFO - Signal d'achat détecté. Exécution de l'ordre...
2025-09-13 03:11:33,743 - ERROR - Erreur d'échange lors de l'achat : binance Account has insufficient balance for requested action.
2025-09-13 03:11:33,744 - INFO - Prochaine analyse dans 60 secondes...
2025-09-13 03:12:34,152 - INFO - Dernier prix : $115953.94 | MA20: $115607.28 | MA50: $114994.09 | RSI: 57.12
2025-09-13 03:12:34,153 - INFO - Signal d'achat détecté. Exécution de l'ordre...
2025-09-13 03:12:34,536 - ERROR - Erreur d'échange lors de l'achat : binance Account has insufficient balance for requested action.
2025-09-13 03:12:34,537 - INFO - Prochaine analyse dans 60 secondes...
2025-09-13 03:13:35,050 - INFO - Dernier prix : $115970.00 | MA20: $115608.09 | MA50: $114994.41 | RSI: 57.33
2025-09-13 03:13:35,062 - INFO - Signal d'achat détecté. Exécution de l'ordre...
2025-09-13 03:13:35,487 - ERROR - Erreur d'échange lors de l'achat : binance Account has insufficient balance for requested action.
2025-09-13 03:13:35,502 - INFO - Prochaine analyse dans 60 secondes...
2025-09-13 03:14:58,044 - INFO - Connexion à Binance réussie. Lancement du bot de trading...
2025-09-13 03:14:58,480 - INFO - --- SOLDE ACTUEL ---
2025-09-13 03:14:58,480 - INFO - USDT: Libre: 0.00, Utilisé: 0.00, Total: 0.00
2025-09-13 03:14:58,481 - INFO - BTC: Libre: 0.000001, Utilisé: 0.000000, Total: 0.000001
2025-09-13 03:14:58,481 - INFO - --------------------
2025-09-13 03:14:58,856 - INFO - Dernier prix : $115969.99 | MA20: $115608.09 | MA50: $114994.41 | RSI: 57.33
2025-09-13 03:14:58,856 - INFO - Signal d'achat détecté. Exécution de l'ordre...
2025-09-13 03:14:59,204 - ERROR - Erreur d'échange lors de l'achat : binance Account has insufficient balance for requested action.
2025-09-13 03:14:59,205 - INFO - Prochaine analyse dans 60 secondes...
2025-09-13 03:15:59,601 - INFO - --- SOLDE ACTUEL ---
2025-09-13 03:15:59,601 - INFO - USDT: Libre: 0.00, Utilisé: 0.00, Total: 0.00
2025-09-13 03:15:59,602 - INFO - BTC: Libre: 0.000001, Utilisé: 0.000000, Total: 0.000001
2025-09-13 03:15:59,603 - INFO - --------------------
2025-09-13 03:15:59,979 - INFO - Dernier prix : $115966.15 | MA20: $115607.89 | MA50: $114994.34 | RSI: 57.28
2025-09-13 03:15:59,980 - INFO - Signal d'achat détecté. Exécution de l'ordre...
2025-09-13 03:16:00,329 - ERROR - Erreur d'échange lors de l'achat : binance Account has insufficient balance for requested action.
2025-09-13 03:16:00,330 - INFO - Prochaine analyse dans 60 secondes...
2025-09-13 03:17:01,597 - INFO - --- SOLDE ACTUEL ---
2025-09-13 03:17:01,663 - INFO - USDT: Libre: 0.00, Utilisé: 0.00, Total: 0.00
2025-09-13 03:17:01,913 - INFO - BTC: Libre: 0.000001, Utilisé: 0.000000, Total: 0.000001
2025-09-13 03:17:02,210 - INFO - --------------------
2025-09-13 03:17:02,896 - INFO - Dernier prix : $115946.84 | MA20: $115606.93 | MA50: $114993.95 | RSI: 57.03
2025-09-13 03:17:02,975 - INFO - Signal d'achat détecté. Exécution de l'ordre...
2025-09-13 03:17:03,344 - ERROR - Erreur d'échange lors de l'achat : binance Account has insufficient balance for requested action.
2025-09-13 03:17:03,345 - INFO - Prochaine analyse dans 60 secondes...
2025-09-13 03:18:03,747 - INFO - --- SOLDE ACTUEL ---
2025-09-13 03:18:03,748 - INFO - USDT: Libre: 0.00, Utilisé: 0.00, Total: 0.00
2025-09-13 03:18:03,748 - INFO - BTC: Libre: 0.000001, Utilisé: 0.000000, Total: 0.000001
2025-09-13 03:18:03,749 - INFO - --------------------
2025-09-13 03:18:04,155 - INFO - Dernier prix : $115939.82 | MA20: $115606.58 | MA50: $114993.81 | RSI: 56.93
2025-09-13 03:18:04,156 - INFO - Signal d'achat détecté. Exécution de l'ordre...
2025-09-13 03:18:04,506 - ERROR - Erreur d'échange lors de l'achat : binance Account has insufficient balance for requested action.
2025-09-13 03:18:04,507 - INFO - Prochaine analyse dans 60 secondes...
2025-09-13 03:19:04,908 - INFO - --- SOLDE ACTUEL ---
2025-09-13 03:19:04,909 - INFO - USDT: Libre: 0.00, Utilisé: 0.00, Total: 0.00
2025-09-13 03:19:04,910 - INFO - BTC: Libre: 0.000001, Utilisé: 0.000000, Total: 0.000001
2025-09-13 03:19:04,911 - INFO - --------------------
2025-09-13 03:19:05,282 - INFO - Dernier prix : $115938.27 | MA20: $115606.50 | MA50: $114993.78 | RSI: 56.91
2025-09-13 03:19:05,283 - INFO - Signal d'achat détecté. Exécution de l'ordre...
2025-09-13 03:19:05,647 - ERROR - Erreur d'échange lors de l'achat : binance Account has insufficient balance for requested action.
2025-09-13 03:19:05,648 - INFO - Prochaine analyse dans 60 secondes...
2025-09-13 03:20:06,058 - INFO - --- SOLDE ACTUEL ---
2025-09-13 03:20:06,059 - INFO - USDT: Libre: 0.00, Utilisé: 0.00, Total: 0.00
2025-09-13 03:20:06,060 - INFO - BTC: Libre: 0.000001, Utilisé: 0.000000, Total: 0.000001
2025-09-13 03:20:06,061 - INFO - --------------------
2025-09-13 03:20:06,445 - INFO - Dernier prix : $115948.42 | MA20: $115607.01 | MA50: $114993.98 | RSI: 57.05
2025-09-13 03:20:06,453 - INFO - Signal d'achat détecté. Exécution de l'ordre...
2025-09-13 03:20:06,834 - ERROR - Erreur d'échange lors de l'achat : binance Account has insufficient balance for requested action.
2025-09-13 03:20:06,835 - INFO - Prochaine analyse dans 60 secondes...
2025-09-13 03:20:47,141 - INFO - Connexion à Binance réussie. Lancement du bot de trading...
2025-09-13 03:20:47,525 - INFO - --- SOLDE ACTUEL ---
2025-09-13 03:20:47,525 - INFO - USDT: Libre: 0.00, Total: 0.00
2025-09-13 03:20:47,526 - INFO - BTC: Libre: 0.000001, Total: 0.000001
2025-09-13 03:20:47,526 - INFO - --------------------
2025-09-13 03:20:47,885 - INFO - Dernier prix : $115948.42 | MA20: $115607.01 | MA50: $114993.98 | RSI: 57.05
2025-09-13 03:20:48,451 - WARNING - Signal d'achat mais solde USDT insuffisant. Le bot ne fait rien.
2025-09-13 03:20:48,464 - INFO - Prochaine analyse dans 60 secondes...
2025-09-13 03:24:52,570 - INFO - Connexion à Binance réussie. Lancement du bot de trading...
2025-09-13 03:24:52,972 - INFO - --- SOLDE ACTUEL ---
2025-09-13 03:24:52,973 - INFO - USDT: Libre: 0.00, Total: 0.00
2025-09-13 03:24:52,973 - INFO - BTC: Libre: 0.000001, Total: 0.000001
2025-09-13 03:24:52,974 - INFO - --------------------
2025-09-13 03:24:53,746 - WARNING - Signal d'achat mais solde USDT insuffisant. Le bot ne fait rien.
2025-09-13 03:24:53,749 - INFO - Prochaine analyse dans 60 secondes...
2025-09-13 03:25:54,195 - INFO - --- SOLDE ACTUEL ---
2025-09-13 03:25:54,196 - INFO - USDT: Libre: 0.00, Total: 0.00
2025-09-13 03:25:54,197 - INFO - BTC: Libre: 0.000001, Total: 0.000001
2025-09-13 03:25:54,197 - INFO - --------------------
2025-09-13 03:25:54,972 - WARNING - Signal d'achat mais solde USDT insuffisant. Le bot ne fait rien.
2025-09-13 03:25:54,975 - INFO - Prochaine analyse dans 60 secondes...
2025-09-13 03:26:55,671 - INFO - --- SOLDE ACTUEL ---
2025-09-13 03:26:55,678 - INFO - USDT: Libre: 0.00, Total: 0.00
2025-09-13 03:26:55,680 - INFO - BTC: Libre: 0.000001, Total: 0.000001
2025-09-13 03:26:55,683 - INFO - --------------------
2025-09-13 03:26:57,856 - WARNING - Signal d'achat mais solde USDT insuffisant. Le bot ne fait rien.
2025-09-13 03:26:57,868 - INFO - Prochaine analyse dans 60 secondes...
2025-09-13 03:28:08,955 - INFO - Connexion à Binance réussie. Lancement du bot de trading...
2025-09-13 03:28:08,957 - INFO - --- SOLDE ACTUEL ---
2025-09-13 03:28:09,378 - INFO - LDSHIB2: 3190.100000
2025-09-13 03:28:09,379 - INFO - LDGMT: 0.518372
2025-09-13 03:28:09,379 - INFO - LDACH: 0.983329
2025-09-13 03:28:09,380 - INFO - LDTON: 0.159538
2025-09-13 03:28:09,380 - INFO - LD1MBBDOGE: 9.670000
2025-09-13 03:28:09,381 - INFO - LDCOW: 0.471777
2025-09-13 03:28:09,381 - INFO - LDACT: 0.098560
2025-09-13 03:28:09,382 - INFO - LDTHE: 0.062586
2025-09-13 03:28:09,383 - INFO - LDMOVE: 0.078991
2025-09-13 03:28:09,383 - INFO - --------------------
2025-09-13 03:28:09,385 - CRITICAL - Une erreur fatale est survenue : 'BTC/USDT'. Le bot s'arrête.
2025-09-13 03:33:57,794 - INFO - Connexion à Binance réussie. Lancement du bot de trading...
2025-09-13 03:33:57,795 - INFO - --- SOLDE ACTUEL ---
2025-09-13 03:33:58,182 - INFO - LDSHIB2: 3190.100000
2025-09-13 03:33:58,182 - INFO - LDGMT: 0.518372
2025-09-13 03:33:58,183 - INFO - LDACH: 0.983329
2025-09-13 03:33:58,184 - INFO - LDTON: 0.159538
2025-09-13 03:33:58,184 - INFO - LD1MBBDOGE: 9.670000
2025-09-13 03:33:58,185 - INFO - LDCOW: 0.471777
2025-09-13 03:33:58,185 - INFO - LDACT: 0.098560
2025-09-13 03:33:58,186 - INFO - LDTHE: 0.062586
2025-09-13 03:33:58,186 - INFO - LDMOVE: 0.078991
2025-09-13 03:33:58,187 - INFO - --------------------
2025-09-13 03:33:58,188 - CRITICAL - Une erreur fatale est survenue : 'BTC/USDT'. Le bot s'arrête.
2025-09-13 03:34:46,082 - INFO - Connexion à Binance réussie. Lancement du bot de trading...
2025-09-13 03:34:46,489 - INFO - --- SOLDE ACTUEL ---
2025-09-13 03:34:46,490 - INFO - USDT: Libre: 0.00, Total: 0.00
2025-09-13 03:34:46,491 - INFO - BTC: Libre: 0.000001, Total: 0.000001
2025-09-13 03:34:46,491 - INFO - --------------------
2025-09-13 03:34:47,286 - WARNING - Signal d'achat mais solde USDT insuffisant. Le bot ne fait rien.
2025-09-13 03:34:47,289 - INFO - Prochaine analyse dans 60 secondes...
2025-09-13 03:35:47,705 - INFO - --- SOLDE ACTUEL ---
2025-09-13 03:35:47,706 - INFO - USDT: Libre: 0.00, Total: 0.00
2025-09-13 03:35:47,707 - INFO - BTC: Libre: 0.000001, Total: 0.000001
2025-09-13 03:35:47,708 - INFO - --------------------
2025-09-13 03:35:48,511 - WARNING - Signal d'achat mais solde USDT insuffisant. Le bot ne fait rien.
2025-09-13 03:35:48,514 - INFO - Prochaine analyse dans 60 secondes...
2025-09-13 03:36:48,945 - INFO - --- SOLDE ACTUEL ---
2025-09-13 03:36:48,946 - INFO - USDT: Libre: 0.00, Total: 0.00
2025-09-13 03:36:48,947 - INFO - BTC: Libre: 0.000001, Total: 0.000001
2025-09-13 03:36:48,947 - INFO - --------------------
2025-09-13 03:36:49,725 - WARNING - Signal d'achat mais solde USDT insuffisant. Le bot ne fait rien.
2025-09-13 03:36:49,735 - INFO - Prochaine analyse dans 60 secondes...
2025-09-13 03:38:37,275 - INFO - Connexion à Binance réussie. Lancement du bot de trading...
2025-09-13 03:38:37,703 - INFO - --- SOLDE ACTUEL ---
2025-09-13 03:38:37,704 - INFO - USDT: Libre: 0.00, Total: 0.00
2025-09-13 03:38:37,705 - INFO - BTC: Libre: 0.000001, Total: 0.000001
2025-09-13 03:38:37,705 - INFO - --------------------
2025-09-13 03:38:38,506 - WARNING - Signal d'achat mais solde USDT insuffisant. Le bot ne fait rien.
2025-09-13 03:38:38,508 - INFO - Prochaine analyse dans 60 secondes...
2025-09-13 03:39:38,910 - INFO - --- SOLDE ACTUEL ---
2025-09-13 03:39:38,911 - INFO - USDT: Libre: 0.00, Total: 0.00
2025-09-13 03:39:38,912 - INFO - BTC: Libre: 0.000001, Total: 0.000001
2025-09-13 03:39:38,912 - INFO - --------------------
2025-09-13 03:39:39,816 - WARNING - Signal d'achat mais solde USDT insuffisant. Le bot ne fait rien.
2025-09-13 03:39:39,819 - INFO - Prochaine analyse dans 60 secondes...
2025-09-13 03:40:59,482 - INFO - Connexion à Binance réussie. Lancement du bot de trading...
2025-09-13 03:40:59,483 - INFO - --- SOLDE ACTUEL ---
2025-09-13 03:40:59,888 - INFO - LDSHIB2: 3190.100000
2025-09-13 03:40:59,889 - INFO - LDGMT: 0.518372
2025-09-13 03:40:59,890 - INFO - LDACH: 0.983329
2025-09-13 03:40:59,890 - INFO - LDTON: 0.159538
2025-09-13 03:40:59,891 - INFO - LD1MBBDOGE: 9.670000
2025-09-13 03:40:59,891 - INFO - LDCOW: 0.471777
2025-09-13 03:40:59,892 - INFO - LDACT: 0.098560
2025-09-13 03:40:59,892 - INFO - LDTHE: 0.062586
2025-09-13 03:40:59,893 - INFO - LDMOVE: 0.078991
2025-09-13 03:40:59,893 - INFO - --------------------
2025-09-13 03:40:59,894 - CRITICAL - Une erreur fatale est survenue : 'BTC/USDT'. Le bot s'arrête.
2025-09-13 03:44:34,727 - INFO - Connexion à Binance réussie. Lancement du bot de trading...
2025-09-13 03:44:34,729 - INFO - --- SOLDE ACTUEL ---
2025-09-13 03:44:35,146 - INFO - LDSHIB2: 3190.100000
2025-09-13 03:44:35,147 - INFO - LDGMT: 0.518372
2025-09-13 03:44:35,147 - INFO - LDACH: 0.983329
2025-09-13 03:44:35,148 - INFO - LDTON: 0.159538
2025-09-13 03:44:35,148 - INFO - LD1MBBDOGE: 9.670000
2025-09-13 03:44:35,149 - INFO - LDCOW: 0.471777
2025-09-13 03:44:35,149 - INFO - LDACT: 0.098560
2025-09-13 03:44:35,150 - INFO - LDTHE: 0.062586
2025-09-13 03:44:35,150 - INFO - LDMOVE: 0.078991
2025-09-13 03:44:35,151 - INFO - --------------------
2025-09-13 03:44:35,933 - WARNING - Signal d'achat sur BTC/USDT mais solde USDT insuffisant. Le bot ne fait rien.
2025-09-13 03:44:37,737 - INFO - Position ouverte sur ETH/USDT. Achat: $3500.25, Max: $4702.84, SL: $4646.86, TP: $3612.26
2025-09-13 03:44:37,738 - WARNING - Signal de vente sur ETH/USDT mais pas de solde ETH suffisant. Le bot ne fait rien.
2025-09-13 03:44:38,741 - INFO - Prochaine analyse dans 60 secondes...
2025-09-13 03:45:38,743 - INFO - --- SOLDE ACTUEL ---
2025-09-13 03:45:39,144 - INFO - LDSHIB2: 3190.100000
2025-09-13 03:45:39,144 - INFO - LDGMT: 0.518372
2025-09-13 03:45:39,145 - INFO - LDACH: 0.983329
2025-09-13 03:45:39,146 - INFO - LDTON: 0.159538
2025-09-13 03:45:39,146 - INFO - LD1MBBDOGE: 9.670000
2025-09-13 03:45:39,147 - INFO - LDCOW: 0.471777
2025-09-13 03:45:39,147 - INFO - LDACT: 0.098560
2025-09-13 03:45:39,148 - INFO - LDTHE: 0.062586
2025-09-13 03:45:39,149 - INFO - LDMOVE: 0.078991
2025-09-13 03:45:39,149 - INFO - --------------------
2025-09-13 03:45:39,927 - WARNING - Signal d'achat sur BTC/USDT mais solde USDT insuffisant. Le bot ne fait rien.
2025-09-13 03:45:41,742 - INFO - Position ouverte sur ETH/USDT. Achat: $3500.25, Max: $4703.40, SL: $4647.42, TP: $3612.26
2025-09-13 03:45:41,743 - WARNING - Signal de vente sur ETH/USDT mais pas de solde ETH suffisant. Le bot ne fait rien.
2025-09-13 03:45:42,747 - INFO - Prochaine analyse dans 60 secondes...
2025-09-13 03:47:23,963 - INFO - Connexion à Binance réussie. Lancement du bot de trading...
2025-09-13 03:47:23,964 - INFO - --- SOLDE ACTUEL ---
2025-09-13 03:47:24,416 - INFO - LDSHIB2: 3190.100000
2025-09-13 03:47:24,417 - INFO - LDGMT: 0.518372
2025-09-13 03:47:24,418 - INFO - LDACH: 0.983329
2025-09-13 03:47:24,418 - INFO - LDTON: 0.159538
2025-09-13 03:47:24,419 - INFO - LD1MBBDOGE: 9.670000
2025-09-13 03:47:24,419 - INFO - LDCOW: 0.471777
2025-09-13 03:47:24,420 - INFO - LDACT: 0.098560
2025-09-13 03:47:24,420 - INFO - LDTHE: 0.062586
2025-09-13 03:47:24,421 - INFO - LDMOVE: 0.078991
2025-09-13 03:47:24,421 - INFO - --------------------
2025-09-13 03:47:25,278 - WARNING - Signal d'achat sur BTC/USDT mais solde USDT insuffisant. Le bot ne fait rien.
2025-09-13 03:47:27,168 - INFO - Position ouverte sur ETH/USDT. Achat: $3500.25, Max: $4704.97, SL: $4648.99, TP: $3612.26
2025-09-13 03:47:27,169 - WARNING - Signal de vente sur ETH/USDT mais pas de solde ETH suffisant. Le bot ne fait rien.
2025-09-13 03:47:28,173 - INFO - Prochaine analyse dans 60 secondes...
2025-09-13 03:58:30,908 - INFO - Connexion à Binance réussie. Lancement du bot de trading...
2025-09-13 03:58:30,909 - INFO - --- SOLDE ACTUEL ---
2025-09-13 03:58:31,375 - INFO - LDSHIB2: 3190.100000
2025-09-13 03:58:31,376 - INFO - LDGMT: 0.518372
2025-09-13 03:58:31,376 - INFO - LDACH: 0.983329
2025-09-13 03:58:31,377 - INFO - LDTON: 0.159538
2025-09-13 03:58:31,378 - INFO - LD1MBBDOGE: 9.670000
2025-09-13 03:58:31,378 - INFO - LDCOW: 0.471777
2025-09-13 03:58:31,378 - INFO - LDACT: 0.098560
2025-09-13 03:58:31,379 - INFO - LDTHE: 0.062586
2025-09-13 03:58:31,380 - INFO - LDMOVE: 0.078991
2025-09-13 03:58:31,380 - INFO - --------------------
2025-09-13 03:58:32,261 - WARNING - Signal d'achat sur BTC/USDT mais solde USDT insuffisant. Le bot ne fait rien.
2025-09-13 03:58:34,132 - INFO - Position ouverte sur ETH/USDT. Achat: $3500.25, Max: $4704.97, SL: $4648.99, TP: $3612.26
2025-09-13 03:58:34,133 - WARNING - Signal de vente sur ETH/USDT mais pas de solde ETH suffisant. Le bot ne fait rien.
2025-09-13 03:58:35,138 - INFO - Prochaine analyse dans 60 secondes...
2025-09-13 03:59:35,139 - INFO - --- SOLDE ACTUEL ---
2025-09-13 03:59:35,610 - INFO - LDSHIB2: 3190.100000
2025-09-13 03:59:35,611 - INFO - LDGMT: 0.518372
2025-09-13 03:59:35,612 - INFO - LDACH: 0.983329
2025-09-13 03:59:35,612 - INFO - LDTON: 0.159538
2025-09-13 03:59:35,613 - INFO - LD1MBBDOGE: 9.670000
2025-09-13 03:59:35,614 - INFO - LDCOW: 0.471777
2025-09-13 03:59:35,614 - INFO - LDACT: 0.098560
2025-09-13 03:59:35,615 - INFO - LDTHE: 0.062586
2025-09-13 03:59:35,615 - INFO - LDMOVE: 0.078991
2025-09-13 03:59:35,616 - INFO - --------------------
2025-09-13 03:59:36,502 - WARNING - Signal d'achat sur BTC/USDT mais solde USDT insuffisant. Le bot ne fait rien.
2025-09-13 03:59:38,389 - INFO - Position ouverte sur ETH/USDT. Achat: $3500.25, Max: $4704.97, SL: $4648.99, TP: $3612.26
2025-09-13 03:59:38,390 - WARNING - Signal de vente sur ETH/USDT mais pas de solde ETH suffisant. Le bot ne fait rien.
2025-09-13 03:59:39,394 - INFO - Prochaine analyse dans 60 secondes...
2025-09-13 04:00:39,395 - INFO - --- SOLDE ACTUEL ---
2025-09-13 04:00:39,884 - INFO - LDSHIB2: 3190.100000
2025-09-13 04:00:39,885 - INFO - LDGMT: 0.518372
2025-09-13 04:00:39,886 - INFO - LDACH: 0.983329
2025-09-13 04:00:39,886 - INFO - LDTON: 0.159538
2025-09-13 04:00:39,887 - INFO - LD1MBBDOGE: 9.670000
2025-09-13 04:00:39,888 - INFO - LDCOW: 0.471777
2025-09-13 04:00:39,889 - INFO - LDACT: 0.098560
2025-09-13 04:00:39,889 - INFO - LDTHE: 0.062586
2025-09-13 04:00:39,890 - INFO - LDMOVE: 0.078991
2025-09-13 04:00:39,891 - INFO - --------------------
2025-09-13 04:00:40,795 - WARNING - Signal d'achat sur BTC/USDT mais solde USDT insuffisant. Le bot ne fait rien.
2025-09-13 04:00:45,491 - INFO - Position ouverte sur ETH/USDT. Achat: $3500.25, Max: $4704.97, SL: $4652.90, TP: $3612.26
2025-09-13 04:00:45,492 - WARNING - Signal de vente sur ETH/USDT mais pas de solde ETH suffisant. Le bot ne fait rien.
2025-09-13 04:00:46,495 - INFO - Prochaine analyse dans 60 secondes...
2025-09-13 04:01:46,497 - INFO - --- SOLDE ACTUEL ---
2025-09-13 04:01:46,974 - INFO - LDSHIB2: 3190.100000
2025-09-13 04:01:46,975 - INFO - LDGMT: 0.518372
2025-09-13 04:01:46,976 - INFO - LDACH: 0.983329
2025-09-13 04:01:46,977 - INFO - LDTON: 0.159538
2025-09-13 04:01:46,977 - INFO - LD1MBBDOGE: 9.670000
2025-09-13 04:01:46,978 - INFO - LDCOW: 0.471777
2025-09-13 04:01:46,979 - INFO - LDACT: 0.098560
2025-09-13 04:01:46,979 - INFO - LDTHE: 0.062586
2025-09-13 04:01:46,980 - INFO - LDMOVE: 0.078991
2025-09-13 04:01:46,981 - INFO - --------------------
2025-09-13 04:01:47,893 - WARNING - Signal d'achat sur BTC/USDT mais solde USDT insuffisant. Le bot ne fait rien.
2025-09-13 04:01:49,779 - INFO - Position ouverte sur ETH/USDT. Achat: $3500.25, Max: $4704.97, SL: $4652.70, TP: $3612.26
2025-09-13 04:01:49,780 - WARNING - Signal de vente sur ETH/USDT mais pas de solde ETH suffisant. Le bot ne fait rien.
2025-09-13 04:01:50,784 - INFO - Prochaine analyse dans 60 secondes...
2025-09-13 04:02:50,788 - INFO - --- SOLDE ACTUEL ---
2025-09-13 04:02:51,286 - INFO - LDSHIB2: 3190.100000
2025-09-13 04:02:51,286 - INFO - LDGMT: 0.518372
2025-09-13 04:02:51,287 - INFO - LDACH: 0.983329
2025-09-13 04:02:51,288 - INFO - LDTON: 0.159538
2025-09-13 04:02:51,289 - INFO - LD1MBBDOGE: 9.670000
2025-09-13 04:02:51,289 - INFO - LDCOW: 0.471777
2025-09-13 04:02:51,290 - INFO - LDACT: 0.098560
2025-09-13 04:02:51,291 - INFO - LDTHE: 0.062586
2025-09-13 04:02:51,291 - INFO - LDMOVE: 0.078991
2025-09-13 04:02:51,292 - INFO - --------------------
2025-09-13 04:02:52,199 - WARNING - Signal d'achat sur BTC/USDT mais solde USDT insuffisant. Le bot ne fait rien.
2025-09-13 04:02:54,155 - INFO - Position ouverte sur ETH/USDT. Achat: $3500.25, Max: $4704.97, SL: $4652.70, TP: $3612.26
2025-09-13 04:02:54,155 - WARNING - Signal de vente sur ETH/USDT mais pas de solde ETH suffisant. Le bot ne fait rien.
2025-09-13 04:02:55,161 - INFO - Prochaine analyse dans 60 secondes...
2025-09-13 04:03:55,163 - INFO - --- SOLDE ACTUEL ---
2025-09-13 04:03:55,636 - INFO - LDSHIB2: 3190.100000
2025-09-13 04:03:55,637 - INFO - LDGMT: 0.518372
2025-09-13 04:03:55,638 - INFO - LDACH: 0.983329
2025-09-13 04:03:55,638 - INFO - LDTON: 0.159538
2025-09-13 04:03:55,639 - INFO - LD1MBBDOGE: 9.670000
2025-09-13 04:03:55,640 - INFO - LDCOW: 0.471777
2025-09-13 04:03:55,640 - INFO - LDACT: 0.098560
2025-09-13 04:03:55,641 - INFO - LDTHE: 0.062586
2025-09-13 04:03:55,641 - INFO - LDMOVE: 0.078991
2025-09-13 04:03:55,642 - INFO - --------------------
2025-09-13 04:03:56,547 - WARNING - Signal d'achat sur BTC/USDT mais solde USDT insuffisant. Le bot ne fait rien.
2025-09-13 04:03:58,470 - INFO - Position ouverte sur ETH/USDT. Achat: $3500.25, Max: $4705.59, SL: $4653.09, TP: $3612.26
2025-09-13 04:03:58,471 - WARNING - Signal de vente sur ETH/USDT mais pas de solde ETH suffisant. Le bot ne fait rien.
2025-09-13 04:03:59,475 - INFO - Prochaine analyse dans 60 secondes...
2025-09-13 04:04:59,477 - INFO - --- SOLDE ACTUEL ---
2025-09-13 04:04:59,972 - INFO - LDSHIB2: 3190.100000
2025-09-13 04:04:59,973 - INFO - LDGMT: 0.518372
2025-09-13 04:04:59,973 - INFO - LDACH: 0.983329
2025-09-13 04:04:59,974 - INFO - LDTON: 0.159538
2025-09-13 04:04:59,975 - INFO - LD1MBBDOGE: 9.670000
2025-09-13 04:04:59,976 - INFO - LDCOW: 0.471777
2025-09-13 04:04:59,976 - INFO - LDACT: 0.098560
2025-09-13 04:04:59,977 - INFO - LDTHE: 0.062586
2025-09-13 04:04:59,977 - INFO - LDMOVE: 0.078991
2025-09-13 04:04:59,978 - INFO - --------------------
2025-09-13 04:05:00,959 - WARNING - Signal d'achat sur BTC/USDT mais solde USDT insuffisant. Le bot ne fait rien.
2025-09-13 04:05:03,069 - INFO - Position ouverte sur ETH/USDT. Achat: $3500.25, Max: $4708.06, SL: $4655.41, TP: $3612.26
2025-09-13 04:05:03,070 - WARNING - Signal de vente sur ETH/USDT mais pas de solde ETH suffisant. Le bot ne fait rien.
2025-09-13 04:05:04,074 - INFO - Prochaine analyse dans 60 secondes...
2025-09-13 04:06:04,076 - INFO - --- SOLDE ACTUEL ---
2025-09-13 04:06:04,637 - INFO - LDSHIB2: 3190.100000
2025-09-13 04:06:04,639 - INFO - LDGMT: 0.518372
2025-09-13 04:06:04,641 - INFO - LDACH: 0.983329
2025-09-13 04:06:04,642 - INFO - LDTON: 0.159538
2025-09-13 04:06:04,642 - INFO - LD1MBBDOGE: 9.670000
2025-09-13 04:06:04,645 - INFO - LDCOW: 0.471777
2025-09-13 04:06:04,648 - INFO - LDACT: 0.098560
2025-09-13 04:06:04,649 - INFO - LDTHE: 0.062586
2025-09-13 04:06:04,650 - INFO - LDMOVE: 0.078991
2025-09-13 04:06:04,653 - INFO - --------------------
2025-09-13 04:06:05,571 - WARNING - Signal d'achat sur BTC/USDT mais solde USDT insuffisant. Le bot ne fait rien.
2025-09-13 04:06:16,592 - ERROR - Erreur lors de la récupération des données pour ETH/USDT: binance GET https://api.binance.com/api/v3/klines?interval=1h&limit=200&symbol=ETHUSDT
2025-09-13 04:06:16,592 - WARNING - Pas assez de données historiques pour l'analyse de ETH/USDT. En attente.
2025-09-13 04:06:17,596 - INFO - Prochaine analyse dans 60 secondes...
2025-09-13 04:07:17,597 - INFO - --- SOLDE ACTUEL ---
2025-09-13 04:07:29,422 - ERROR - Erreur lors de la récupération du solde du compte : binance {"code":-1021,"msg":"Timestamp for this request is outside of the recvWindow."}
2025-09-13 04:07:29,423 - INFO - --------------------
2025-09-13 04:07:33,882 - WARNING - Signal d'achat sur BTC/USDT mais solde USDT insuffisant. Le bot ne fait rien.
2025-09-13 04:07:38,675 - INFO - Position ouverte sur ETH/USDT. Achat: $3500.25, Max: $4708.06, SL: $4655.41, TP: $3612.26
2025-09-13 04:07:38,676 - WARNING - Signal de vente sur ETH/USDT mais pas de solde ETH suffisant. Le bot ne fait rien.
2025-09-13 04:07:39,681 - INFO - Prochaine analyse dans 60 secondes...
2025-09-17 03:33:38,005 - CRITICAL - Une erreur fatale est survenue : binance {"code":-1021,"msg":"Timestamp for this request is outside of the recvWindow."}. Le bot s'arrête.
2025-09-17 03:35:57,879 - CRITICAL - Une erreur fatale est survenue : binance {"code":-1021,"msg":"Timestamp for this request is outside of the recvWindow."}. Le bot s'arrête.
2025-09-17 03:38:26,129 - CRITICAL - Une erreur fatale est survenue : binance {"code":-1021,"msg":"Timestamp for this request is outside of the recvWindow."}. Le bot s'arrête.
2025-09-17 16:12:55,034 - CRITICAL - Une erreur fatale est survenue : binance {"code":-1021,"msg":"Timestamp for this request was 1000ms ahead of the server's time."}. Le bot s'arrête.
2025-09-17 16:13:15,450 - INFO - Connexion à Binance réussie. Lancement du bot de trading...
2025-09-17 16:13:15,451 - INFO - --- SOLDE ACTUEL ---
2025-09-17 16:13:15,874 - INFO - LDSHIB2: 3190.100000
2025-09-17 16:13:15,875 - INFO - LDGMT: 0.518372
2025-09-17 16:13:15,875 - INFO - LDACH: 0.983329
2025-09-17 16:13:15,876 - INFO - LDTON: 0.159538
2025-09-17 16:13:15,876 - INFO - LD1MBBDOGE: 9.670000
2025-09-17 16:13:15,877 - INFO - LDCOW: 0.471777
2025-09-17 16:13:15,877 - INFO - LDACT: 0.098560
2025-09-17 16:13:15,878 - INFO - LDTHE: 0.062586
2025-09-17 16:13:15,878 - INFO - LDMOVE: 0.078991
2025-09-17 16:13:15,879 - INFO - --------------------
2025-09-17 16:13:16,768 - WARNING - Signal d'achat sur BTC/USDT mais solde USDT insuffisant. Le bot ne fait rien.
2025-09-17 16:13:18,855 - INFO - Position ouverte sur ETH/USDT. Achat: $3500.25, Max: $4708.06, SL: $4664.44, TP: $3612.26
2025-09-17 16:13:18,856 - WARNING - Signal de vente sur ETH/USDT mais pas de solde ETH suffisant. Le bot ne fait rien.
2025-09-17 16:13:19,859 - INFO - Prochaine analyse dans 60 secondes...
2025-09-17 16:14:19,860 - INFO - --- SOLDE ACTUEL ---
2025-09-17 16:14:29,878 - ERROR - Erreur lors de la récupération du solde du compte : binance GET https://api.binance.com/api/v3/account?timestamp=1758122059861&recvWindow=10000&signature=2593f7d032c9971d51f3e62cb5fefaea763633d49a1be007d3405ab3a4a62d86
2025-09-17 16:14:29,879 - INFO - --------------------
2025-09-17 16:14:32,439 - WARNING - Signal d'achat sur BTC/USDT mais solde USDT insuffisant. Le bot ne fait rien.
2025-09-17 16:14:34,251 - INFO - Position ouverte sur ETH/USDT. Achat: $3500.25, Max: $4708.06, SL: $4664.13, TP: $3612.26
2025-09-17 16:14:34,252 - WARNING - Signal de vente sur ETH/USDT mais pas de solde ETH suffisant. Le bot ne fait rien.
2025-09-17 16:14:35,256 - INFO - Prochaine analyse dans 60 secondes...
2025-09-17 16:15:35,257 - INFO - --- SOLDE ACTUEL ---
2025-09-17 16:15:45,277 - ERROR - Erreur lors de la récupération du solde du compte : binance GET https://api.binance.com/api/v3/account?timestamp=1758122135258&recvWindow=10000&signature=0fe3ee09aebea5cf18fb16bcf72fcd3165043b70840c6370804738bad2c71da0
2025-09-17 16:15:45,277 - INFO - --------------------
2025-09-17 16:16:20,097 - INFO - Connexion à Binance réussie. Lancement du bot de trading...
2025-09-17 16:16:20,098 - INFO - --- SOLDE ACTUEL ---
2025-09-17 16:16:20,632 - INFO - --------------------
2025-09-17 16:16:21,933 - WARNING - Signal d'achat sur BTC/USDT mais solde USDT insuffisant. Le bot ne fait rien.
2025-09-17 16:16:23,760 - INFO - Position ouverte sur ETH/USDT. Achat: $3500.25, Max: $4708.06, SL: $4664.09, TP: $3612.26
2025-09-17 16:16:23,760 - WARNING - Signal de vente sur ETH/USDT mais pas de solde ETH suffisant. Le bot ne fait rien.
2025-09-17 16:16:24,763 - INFO - Prochaine analyse dans 60 secondes...
2025-09-17 16:17:24,764 - INFO - --- SOLDE ACTUEL ---
2025-09-17 16:17:34,774 - ERROR - Erreur lors de la récupération du solde du compte : binance GET https://api.binance.com/api/v3/account?timestamp=1758122244765&recvWindow=10000&signature=b243091ae6d9ab22760c8c2a8e51821410b3afc95daaf4b7015f6b749aebe65c
2025-09-17 16:17:34,774 - INFO - --------------------
2025-09-17 16:17:38,133 - WARNING - Signal d'achat sur BTC/USDT mais solde USDT insuffisant. Le bot ne fait rien.
2025-09-17 16:17:40,838 - INFO - Position ouverte sur ETH/USDT. Achat: $3500.25, Max: $4708.06, SL: $4663.99, TP: $3612.26
2025-09-17 16:17:40,838 - WARNING - Signal de vente sur ETH/USDT mais pas de solde ETH suffisant. Le bot ne fait rien.
2025-09-17 16:17:41,841 - INFO - Prochaine analyse dans 60 secondes...
2025-09-17 16:18:41,843 - INFO - --- SOLDE ACTUEL ---
2025-09-17 16:18:51,849 - ERROR - Erreur lors de la récupération du solde du compte : binance GET https://api.binance.com/api/v3/account?timestamp=1758122321844&recvWindow=10000&signature=5b027818a513e098a885eeb4a123539ad6066022a982ae347704e40d8909da3a
2025-09-17 16:18:51,850 - INFO - --------------------
2025-09-17 16:18:55,800 - WARNING - Signal d'achat sur BTC/USDT mais solde USDT insuffisant. Le bot ne fait rien.
2025-09-17 16:18:58,257 - INFO - Position ouverte sur ETH/USDT. Achat: $3500.25, Max: $4708.06, SL: $4663.99, TP: $3612.26
2025-09-17 16:18:58,259 - WARNING - Signal de vente sur ETH/USDT mais pas de solde ETH suffisant. Le bot ne fait rien.
2025-09-17 16:18:59,263 - INFO - Prochaine analyse dans 60 secondes...
2025-09-17 16:19:59,265 - INFO - --- SOLDE ACTUEL ---
2025-09-17 16:20:09,279 - ERROR - Erreur lors de la récupération du solde du compte : binance GET https://api.binance.com/api/v3/account?timestamp=1758122399266&recvWindow=10000&signature=097d8e76ead9295b7ab0c059280aff52f04afa34f7aa57a1800c8782e1a256f0
2025-09-17 16:20:09,279 - INFO - --------------------
2025-09-17 16:20:13,671 - WARNING - Signal d'achat sur BTC/USDT mais solde USDT insuffisant. Le bot ne fait rien.
2025-09-17 16:20:16,324 - INFO - Position ouverte sur ETH/USDT. Achat: $3500.25, Max: $4708.06, SL: $4663.99, TP: $3612.26
2025-09-17 16:20:16,325 - WARNING - Signal de vente sur ETH/USDT mais pas de solde ETH suffisant. Le bot ne fait rien.
2025-09-17 16:20:17,328 - INFO - Prochaine analyse dans 60 secondes...
2025-09-17 16:21:17,329 - INFO - --- SOLDE ACTUEL ---
2025-09-17 16:21:27,339 - ERROR - Erreur lors de la récupération du solde du compte : binance GET https://api.binance.com/api/v3/account?timestamp=1758122477330&recvWindow=10000&signature=c1c298f3a7010b886394ea65372a145650672917203624b42948249cc26fc0f2
2025-09-17 16:21:27,340 - INFO - --------------------
2025-09-17 16:21:30,444 - WARNING - Signal d'achat sur BTC/USDT mais solde USDT insuffisant. Le bot ne fait rien.
2025-09-17 16:21:32,295 - INFO - Position ouverte sur ETH/USDT. Achat: $3500.25, Max: $4708.06, SL: $4663.99, TP: $3612.26
2025-09-17 16:21:32,296 - WARNING - Signal de vente sur ETH/USDT mais pas de solde ETH suffisant. Le bot ne fait rien.
2025-09-17 16:21:33,299 - INFO - Prochaine analyse dans 60 secondes...
2025-09-17 16:22:40,568 - INFO - Connexion à Binance réussie. Lancement du bot de trading...
2025-09-17 16:22:40,569 - INFO - --- SOLDE ACTUEL ---
2025-09-17 16:22:41,232 - INFO - --------------------
2025-09-17 16:22:42,924 - WARNING - Signal d'achat sur BTC/USDT mais solde USDT insuffisant. Le bot ne fait rien.
2025-09-17 16:22:45,622 - INFO - Position ouverte sur ETH/USDT. Achat: $3500.25, Max: $4708.06, SL: $4663.99, TP: $3612.26
2025-09-17 16:22:45,623 - WARNING - Signal de vente sur ETH/USDT mais pas de solde ETH suffisant. Le bot ne fait rien.
2025-09-17 16:22:46,627 - INFO - Prochaine analyse dans 60 secondes...
2025-09-17 16:23:46,628 - INFO - --- SOLDE ACTUEL ---
2025-09-17 16:23:56,636 - ERROR - Erreur lors de la récupération du solde du compte : binance GET https://api.binance.com/api/v3/account?timestamp=1758122626629&recvWindow=10000&signature=8d749931f58890b9d2203db4f50f82479d4f1ae04243844bf89ba828499b734a
2025-09-17 16:23:56,638 - INFO - --------------------
2025-09-17 16:24:00,545 - WARNING - Signal d'achat sur BTC/USDT mais solde USDT insuffisant. Le bot ne fait rien.
2025-09-17 16:24:02,811 - INFO - Position ouverte sur ETH/USDT. Achat: $3500.25, Max: $4708.06, SL: $4663.99, TP: $3612.26
2025-09-17 16:24:02,812 - WARNING - Signal de vente sur ETH/USDT mais pas de solde ETH suffisant. Le bot ne fait rien.
2025-09-17 16:24:03,816 - INFO - Prochaine analyse dans 60 secondes...
2025-09-17 16:25:03,817 - INFO - --- SOLDE ACTUEL ---
2025-09-17 16:25:13,831 - ERROR - Erreur lors de la récupération du solde du compte : binance GET https://api.binance.com/api/v3/account?timestamp=1758122703818&recvWindow=10000&signature=541ddb6cbc21dca2e0cc20cad424f70e20dc81ad88d936e0fe24d9605febfd56
2025-09-17 16:25:13,832 - INFO - --------------------
2025-09-17 16:27:03,819 - INFO - Connexion à Binance réussie. Lancement du bot de trading...
2025-09-17 16:27:04,195 - INFO - --- SOLDE ACTUEL ---
2025-09-17 16:27:04,196 - INFO - --------------------
2025-09-17 16:27:04,559 - WARNING - Signal d'achat sur BTC/USDT mais solde USDT insuffisant. Le bot ne fait rien.
2025-09-17 16:27:05,920 - INFO - Position ouverte sur ETH/USDT. Achat: $3500.25, Max: $4708.06, SL: $4663.62, TP: $3612.26
2025-09-17 16:27:05,921 - WARNING - Signal de vente sur ETH/USDT mais pas de solde ETH suffisant. Le bot ne fait rien.
2025-09-17 16:27:06,923 - INFO - Prochaine analyse dans 60 secondes...
2025-09-17 16:28:07,334 - INFO - --- SOLDE ACTUEL ---
2025-09-17 16:28:07,335 - INFO - --------------------
2025-09-17 16:28:07,729 - WARNING - Signal d'achat sur BTC/USDT mais solde USDT insuffisant. Le bot ne fait rien.
2025-09-17 16:28:09,175 - INFO - Position ouverte sur ETH/USDT. Achat: $3500.25, Max: $4708.06, SL: $4663.62, TP: $3612.26
2025-09-17 16:28:09,176 - WARNING - Signal de vente sur ETH/USDT mais pas de solde ETH suffisant. Le bot ne fait rien.
2025-09-17 16:28:10,179 - INFO - Prochaine analyse dans 60 secondes...
2025-09-17 16:29:11,425 - INFO - --- SOLDE ACTUEL ---
2025-09-17 16:29:11,426 - INFO - --------------------
2025-09-17 16:29:11,846 - WARNING - Signal d'achat sur BTC/USDT mais solde USDT insuffisant. Le bot ne fait rien.
2025-09-17 16:29:13,397 - INFO - Position ouverte sur ETH/USDT. Achat: $3500.25, Max: $4708.06, SL: $4663.62, TP: $3612.26
2025-09-17 16:29:13,398 - WARNING - Signal de vente sur ETH/USDT mais pas de solde ETH suffisant. Le bot ne fait rien.
2025-09-17 16:29:14,401 - INFO - Prochaine analyse dans 60 secondes...
2025-09-17 16:30:24,423 - ERROR - Erreur lors de la récupération du solde du compte : binance GET https://api.binance.com/api/v3/account?timestamp=1758123014405&recvWindow=10000&signature=bbc27fdec08647fc701ac92e5ef16c817a0b2cd90f6100649e910f1feca4666b
2025-09-17 16:30:24,425 - ERROR - Impossible de récupérer le solde. Nouvel essai au prochain cycle.
2025-09-17 16:31:26,808 - INFO - --- SOLDE ACTUEL ---
2025-09-17 16:31:26,809 - INFO - --------------------
2025-09-17 16:31:27,329 - WARNING - Signal d'achat sur BTC/USDT mais solde USDT insuffisant. Le bot ne fait rien.
2025-09-17 16:31:28,879 - INFO - Position ouverte sur ETH/USDT. Achat: $3500.25, Max: $4708.06, SL: $4663.56, TP: $3612.26
2025-09-17 16:31:28,880 - WARNING - Signal de vente sur ETH/USDT mais pas de solde ETH suffisant. Le bot ne fait rien.
2025-09-17 16:31:29,883 - INFO - Prochaine analyse dans 60 secondes...
2025-09-17 16:32:39,893 - ERROR - Erreur lors de la récupération du solde du compte : binance GET https://api.binance.com/api/v3/account?timestamp=1758123149888&recvWindow=10000&signature=badc64f69eb85ffcd70991f3063975b33cb31f0503c89c52504813c29534ccca
2025-09-17 16:32:39,894 - ERROR - Impossible de récupérer le solde. Nouvel essai au prochain cycle.
2025-09-17 16:33:42,257 - INFO - --- SOLDE ACTUEL ---
2025-09-17 16:33:42,258 - INFO - --------------------
2025-09-17 16:33:42,705 - WARNING - Signal d'achat sur BTC/USDT mais solde USDT insuffisant. Le bot ne fait rien.
2025-09-17 16:33:44,201 - INFO - Position ouverte sur ETH/USDT. Achat: $3500.25, Max: $4708.06, SL: $4663.56, TP: $3612.26
2025-09-17 16:33:44,202 - WARNING - Signal de vente sur ETH/USDT mais pas de solde ETH suffisant. Le bot ne fait rien.
2025-09-17 16:33:45,205 - INFO - Prochaine analyse dans 60 secondes...
2025-09-17 16:34:45,704 - INFO - --- SOLDE ACTUEL ---
2025-09-17 16:34:45,704 - INFO - --------------------
2025-09-17 16:34:46,121 - WARNING - Signal d'achat sur BTC/USDT mais solde USDT insuffisant. Le bot ne fait rien.
2025-09-17 16:34:47,543 - INFO - Position ouverte sur ETH/USDT. Achat: $3500.25, Max: $4708.06, SL: $4663.56, TP: $3612.26
2025-09-17 16:34:47,544 - WARNING - Signal de vente sur ETH/USDT mais pas de solde ETH suffisant. Le bot ne fait rien.
2025-09-17 16:34:48,547 - INFO - Prochaine analyse dans 60 secondes...
